[01-Sep-2025 10:36:45 Europe/Berlin] PHP Warning:  require_once(C:\xampp\htdocs\Pet_Track_revise-3\admin/auth.php): Failed to open stream: No such file or directory in C:\xampp\htdocs\Pet_Track_revise-3\admin\admin-get-recent-activities.php on line 17
[01-Sep-2025 10:36:45 Europe/Berlin] PHP Fatal error:  Uncaught Error: Failed opening required 'C:\xampp\htdocs\Pet_Track_revise-3\admin/auth.php' (include_path='C:\xampp\php\PEAR') in C:\xampp\htdocs\Pet_Track_revise-3\admin\admin-get-recent-activities.php:17
Stack trace:
#0 {main}
  thrown in C:\xampp\htdocs\Pet_Track_revise-3\admin\admin-get-recent-activities.php on line 17
[01-Sep-2025 10:36:55 Europe/Berlin] PHP Warning:  require_once(C:\xampp\htdocs\Pet_Track_revise-3\admin/auth.php): Failed to open stream: No such file or directory in C:\xampp\htdocs\Pet_Track_revise-3\admin\admin-get-recent-activities.php on line 17
[01-Sep-2025 10:36:55 Europe/Berlin] PHP Fatal error:  Uncaught Error: Failed opening required 'C:\xampp\htdocs\Pet_Track_revise-3\admin/auth.php' (include_path='C:\xampp\php\PEAR') in C:\xampp\htdocs\Pet_Track_revise-3\admin\admin-get-recent-activities.php:17
Stack trace:
#0 {main}
  thrown in C:\xampp\htdocs\Pet_Track_revise-3\admin\admin-get-recent-activities.php on line 17
[01-Sep-2025 10:37:05 Europe/Berlin] PHP Warning:  require_once(C:\xampp\htdocs\Pet_Track_revise-3\admin/auth.php): Failed to open stream: No such file or directory in C:\xampp\htdocs\Pet_Track_revise-3\admin\admin-get-recent-activities.php on line 17
[01-Sep-2025 10:37:05 Europe/Berlin] PHP Fatal error:  Uncaught Error: Failed opening required 'C:\xampp\htdocs\Pet_Track_revise-3\admin/auth.php' (include_path='C:\xampp\php\PEAR') in C:\xampp\htdocs\Pet_Track_revise-3\admin\admin-get-recent-activities.php:17
Stack trace:
#0 {main}
  thrown in C:\xampp\htdocs\Pet_Track_revise-3\admin\admin-get-recent-activities.php on line 17
[01-Sep-2025 10:37:15 Europe/Berlin] PHP Warning:  require_once(C:\xampp\htdocs\Pet_Track_revise-3\admin/auth.php): Failed to open stream: No such file or directory in C:\xampp\htdocs\Pet_Track_revise-3\admin\admin-get-recent-activities.php on line 17
[01-Sep-2025 10:37:15 Europe/Berlin] PHP Fatal error:  Uncaught Error: Failed opening required 'C:\xampp\htdocs\Pet_Track_revise-3\admin/auth.php' (include_path='C:\xampp\php\PEAR') in C:\xampp\htdocs\Pet_Track_revise-3\admin\admin-get-recent-activities.php:17
Stack trace:
#0 {main}
  thrown in C:\xampp\htdocs\Pet_Track_revise-3\admin\admin-get-recent-activities.php on line 17
[01-Sep-2025 10:37:25 Europe/Berlin] PHP Warning:  require_once(C:\xampp\htdocs\Pet_Track_revise-3\admin/auth.php): Failed to open stream: No such file or directory in C:\xampp\htdocs\Pet_Track_revise-3\admin\admin-get-recent-activities.php on line 17
[01-Sep-2025 10:37:25 Europe/Berlin] PHP Fatal error:  Uncaught Error: Failed opening required 'C:\xampp\htdocs\Pet_Track_revise-3\admin/auth.php' (include_path='C:\xampp\php\PEAR') in C:\xampp\htdocs\Pet_Track_revise-3\admin\admin-get-recent-activities.php:17
Stack trace:
#0 {main}
  thrown in C:\xampp\htdocs\Pet_Track_revise-3\admin\admin-get-recent-activities.php on line 17
[01-Sep-2025 10:37:35 Europe/Berlin] PHP Warning:  require_once(C:\xampp\htdocs\Pet_Track_revise-3\admin/auth.php): Failed to open stream: No such file or directory in C:\xampp\htdocs\Pet_Track_revise-3\admin\admin-get-recent-activities.php on line 17
[01-Sep-2025 10:37:35 Europe/Berlin] PHP Fatal error:  Uncaught Error: Failed opening required 'C:\xampp\htdocs\Pet_Track_revise-3\admin/auth.php' (include_path='C:\xampp\php\PEAR') in C:\xampp\htdocs\Pet_Track_revise-3\admin\admin-get-recent-activities.php:17
Stack trace:
#0 {main}
  thrown in C:\xampp\htdocs\Pet_Track_revise-3\admin\admin-get-recent-activities.php on line 17
[01-Sep-2025 10:37:45 Europe/Berlin] PHP Warning:  require_once(C:\xampp\htdocs\Pet_Track_revise-3\admin/auth.php): Failed to open stream: No such file or directory in C:\xampp\htdocs\Pet_Track_revise-3\admin\admin-get-recent-activities.php on line 10
[01-Sep-2025 10:37:45 Europe/Berlin] PHP Fatal error:  Uncaught Error: Failed opening required 'C:\xampp\htdocs\Pet_Track_revise-3\admin/auth.php' (include_path='C:\xampp\php\PEAR') in C:\xampp\htdocs\Pet_Track_revise-3\admin\admin-get-recent-activities.php:10
Stack trace:
#0 {main}
  thrown in C:\xampp\htdocs\Pet_Track_revise-3\admin\admin-get-recent-activities.php on line 10
[01-Sep-2025 10:37:47 Europe/Berlin] PHP Warning:  require_once(C:\xampp\htdocs\Pet_Track_revise-3\admin/auth.php): Failed to open stream: No such file or directory in C:\xampp\htdocs\Pet_Track_revise-3\admin\admin-get-recent-activities.php on line 10
[01-Sep-2025 10:37:47 Europe/Berlin] PHP Fatal error:  Uncaught Error: Failed opening required 'C:\xampp\htdocs\Pet_Track_revise-3\admin/auth.php' (include_path='C:\xampp\php\PEAR') in C:\xampp\htdocs\Pet_Track_revise-3\admin\admin-get-recent-activities.php:10
Stack trace:
#0 {main}
  thrown in C:\xampp\htdocs\Pet_Track_revise-3\admin\admin-get-recent-activities.php on line 10
[01-Sep-2025 10:37:57 Europe/Berlin] PHP Warning:  require_once(C:\xampp\htdocs\Pet_Track_revise-3\admin/auth.php): Failed to open stream: No such file or directory in C:\xampp\htdocs\Pet_Track_revise-3\admin\admin-get-recent-activities.php on line 10
[01-Sep-2025 10:37:57 Europe/Berlin] PHP Fatal error:  Uncaught Error: Failed opening required 'C:\xampp\htdocs\Pet_Track_revise-3\admin/auth.php' (include_path='C:\xampp\php\PEAR') in C:\xampp\htdocs\Pet_Track_revise-3\admin\admin-get-recent-activities.php:10
Stack trace:
#0 {main}
  thrown in C:\xampp\htdocs\Pet_Track_revise-3\admin\admin-get-recent-activities.php on line 10
[01-Sep-2025 10:38:07 Europe/Berlin] PHP Warning:  require_once(C:\xampp\htdocs\Pet_Track_revise-3\admin/auth.php): Failed to open stream: No such file or directory in C:\xampp\htdocs\Pet_Track_revise-3\admin\admin-get-recent-activities.php on line 10
[01-Sep-2025 10:38:07 Europe/Berlin] PHP Fatal error:  Uncaught Error: Failed opening required 'C:\xampp\htdocs\Pet_Track_revise-3\admin/auth.php' (include_path='C:\xampp\php\PEAR') in C:\xampp\htdocs\Pet_Track_revise-3\admin\admin-get-recent-activities.php:10
Stack trace:
#0 {main}
  thrown in C:\xampp\htdocs\Pet_Track_revise-3\admin\admin-get-recent-activities.php on line 10
[01-Sep-2025 10:38:17 Europe/Berlin] PHP Warning:  require_once(C:\xampp\htdocs\Pet_Track_revise-3\admin/auth.php): Failed to open stream: No such file or directory in C:\xampp\htdocs\Pet_Track_revise-3\admin\admin-get-recent-activities.php on line 10
[01-Sep-2025 10:38:17 Europe/Berlin] PHP Fatal error:  Uncaught Error: Failed opening required 'C:\xampp\htdocs\Pet_Track_revise-3\admin/auth.php' (include_path='C:\xampp\php\PEAR') in C:\xampp\htdocs\Pet_Track_revise-3\admin\admin-get-recent-activities.php:10
Stack trace:
#0 {main}
  thrown in C:\xampp\htdocs\Pet_Track_revise-3\admin\admin-get-recent-activities.php on line 10
[01-Sep-2025 10:38:27 Europe/Berlin] PHP Warning:  require_once(C:\xampp\htdocs\Pet_Track_revise-3\admin/auth.php): Failed to open stream: No such file or directory in C:\xampp\htdocs\Pet_Track_revise-3\admin\admin-get-recent-activities.php on line 10
[01-Sep-2025 10:38:27 Europe/Berlin] PHP Fatal error:  Uncaught Error: Failed opening required 'C:\xampp\htdocs\Pet_Track_revise-3\admin/auth.php' (include_path='C:\xampp\php\PEAR') in C:\xampp\htdocs\Pet_Track_revise-3\admin\admin-get-recent-activities.php:10
Stack trace:
#0 {main}
  thrown in C:\xampp\htdocs\Pet_Track_revise-3\admin\admin-get-recent-activities.php on line 10
[01-Sep-2025 10:38:37 Europe/Berlin] PHP Warning:  require_once(C:\xampp\htdocs\Pet_Track_revise-3\admin/auth.php): Failed to open stream: No such file or directory in C:\xampp\htdocs\Pet_Track_revise-3\admin\admin-get-recent-activities.php on line 10
[01-Sep-2025 10:38:37 Europe/Berlin] PHP Fatal error:  Uncaught Error: Failed opening required 'C:\xampp\htdocs\Pet_Track_revise-3\admin/auth.php' (include_path='C:\xampp\php\PEAR') in C:\xampp\htdocs\Pet_Track_revise-3\admin\admin-get-recent-activities.php:10
Stack trace:
#0 {main}
  thrown in C:\xampp\htdocs\Pet_Track_revise-3\admin\admin-get-recent-activities.php on line 10
[01-Sep-2025 10:38:47 Europe/Berlin] PHP Warning:  require_once(C:\xampp\htdocs\Pet_Track_revise-3\admin/auth.php): Failed to open stream: No such file or directory in C:\xampp\htdocs\Pet_Track_revise-3\admin\admin-get-recent-activities.php on line 10
[01-Sep-2025 10:38:47 Europe/Berlin] PHP Fatal error:  Uncaught Error: Failed opening required 'C:\xampp\htdocs\Pet_Track_revise-3\admin/auth.php' (include_path='C:\xampp\php\PEAR') in C:\xampp\htdocs\Pet_Track_revise-3\admin\admin-get-recent-activities.php:10
Stack trace:
#0 {main}
  thrown in C:\xampp\htdocs\Pet_Track_revise-3\admin\admin-get-recent-activities.php on line 10
[01-Sep-2025 10:38:57 Europe/Berlin] PHP Warning:  require_once(C:\xampp\htdocs\Pet_Track_revise-3\admin/auth.php): Failed to open stream: No such file or directory in C:\xampp\htdocs\Pet_Track_revise-3\admin\admin-get-recent-activities.php on line 10
[01-Sep-2025 10:38:57 Europe/Berlin] PHP Fatal error:  Uncaught Error: Failed opening required 'C:\xampp\htdocs\Pet_Track_revise-3\admin/auth.php' (include_path='C:\xampp\php\PEAR') in C:\xampp\htdocs\Pet_Track_revise-3\admin\admin-get-recent-activities.php:10
Stack trace:
#0 {main}
  thrown in C:\xampp\htdocs\Pet_Track_revise-3\admin\admin-get-recent-activities.php on line 10
[01-Sep-2025 10:39:19 Europe/Berlin] PHP Warning:  require_once(C:\xampp\htdocs\Pet_Track_revise-3\admin/auth.php): Failed to open stream: No such file or directory in C:\xampp\htdocs\Pet_Track_revise-3\admin\admin-get-recent-activities.php on line 10
[01-Sep-2025 10:39:19 Europe/Berlin] PHP Fatal error:  Uncaught Error: Failed opening required 'C:\xampp\htdocs\Pet_Track_revise-3\admin/auth.php' (include_path='C:\xampp\php\PEAR') in C:\xampp\htdocs\Pet_Track_revise-3\admin\admin-get-recent-activities.php:10
Stack trace:
#0 {main}
  thrown in C:\xampp\htdocs\Pet_Track_revise-3\admin\admin-get-recent-activities.php on line 10
[01-Sep-2025 10:39:33 Europe/Berlin] PHP Warning:  require_once(C:\xampp\htdocs\Pet_Track_revise-3\admin/auth.php): Failed to open stream: No such file or directory in C:\xampp\htdocs\Pet_Track_revise-3\admin\admin-get-recent-activities.php on line 10
[01-Sep-2025 10:39:33 Europe/Berlin] PHP Fatal error:  Uncaught Error: Failed opening required 'C:\xampp\htdocs\Pet_Track_revise-3\admin/auth.php' (include_path='C:\xampp\php\PEAR') in C:\xampp\htdocs\Pet_Track_revise-3\admin\admin-get-recent-activities.php:10
Stack trace:
#0 {main}
  thrown in C:\xampp\htdocs\Pet_Track_revise-3\admin\admin-get-recent-activities.php on line 10
[01-Sep-2025 10:39:34 Europe/Berlin] PHP Warning:  require_once(C:\xampp\htdocs\Pet_Track_revise-3\admin/auth.php): Failed to open stream: No such file or directory in C:\xampp\htdocs\Pet_Track_revise-3\admin\admin-get-recent-activities.php on line 10
[01-Sep-2025 10:39:34 Europe/Berlin] PHP Fatal error:  Uncaught Error: Failed opening required 'C:\xampp\htdocs\Pet_Track_revise-3\admin/auth.php' (include_path='C:\xampp\php\PEAR') in C:\xampp\htdocs\Pet_Track_revise-3\admin\admin-get-recent-activities.php:10
Stack trace:
#0 {main}
  thrown in C:\xampp\htdocs\Pet_Track_revise-3\admin\admin-get-recent-activities.php on line 10
[01-Sep-2025 10:39:43 Europe/Berlin] PHP Warning:  require_once(C:\xampp\htdocs\Pet_Track_revise-3\admin/auth.php): Failed to open stream: No such file or directory in C:\xampp\htdocs\Pet_Track_revise-3\admin\admin-get-recent-activities.php on line 10
[01-Sep-2025 10:39:43 Europe/Berlin] PHP Fatal error:  Uncaught Error: Failed opening required 'C:\xampp\htdocs\Pet_Track_revise-3\admin/auth.php' (include_path='C:\xampp\php\PEAR') in C:\xampp\htdocs\Pet_Track_revise-3\admin\admin-get-recent-activities.php:10
Stack trace:
#0 {main}
  thrown in C:\xampp\htdocs\Pet_Track_revise-3\admin\admin-get-recent-activities.php on line 10
[01-Sep-2025 10:39:53 Europe/Berlin] PHP Warning:  require_once(C:\xampp\htdocs\Pet_Track_revise-3\admin/auth.php): Failed to open stream: No such file or directory in C:\xampp\htdocs\Pet_Track_revise-3\admin\admin-get-recent-activities.php on line 10
[01-Sep-2025 10:39:53 Europe/Berlin] PHP Fatal error:  Uncaught Error: Failed opening required 'C:\xampp\htdocs\Pet_Track_revise-3\admin/auth.php' (include_path='C:\xampp\php\PEAR') in C:\xampp\htdocs\Pet_Track_revise-3\admin\admin-get-recent-activities.php:10
Stack trace:
#0 {main}
  thrown in C:\xampp\htdocs\Pet_Track_revise-3\admin\admin-get-recent-activities.php on line 10
[01-Sep-2025 10:40:04 Europe/Berlin] PHP Warning:  require_once(C:\xampp\htdocs\Pet_Track_revise-3\admin/auth.php): Failed to open stream: No such file or directory in C:\xampp\htdocs\Pet_Track_revise-3\admin\admin-get-recent-activities.php on line 10
[01-Sep-2025 10:40:04 Europe/Berlin] PHP Fatal error:  Uncaught Error: Failed opening required 'C:\xampp\htdocs\Pet_Track_revise-3\admin/auth.php' (include_path='C:\xampp\php\PEAR') in C:\xampp\htdocs\Pet_Track_revise-3\admin\admin-get-recent-activities.php:10
Stack trace:
#0 {main}
  thrown in C:\xampp\htdocs\Pet_Track_revise-3\admin\admin-get-recent-activities.php on line 10
[01-Sep-2025 10:40:14 Europe/Berlin] PHP Warning:  require_once(C:\xampp\htdocs\Pet_Track_revise-3\admin/auth.php): Failed to open stream: No such file or directory in C:\xampp\htdocs\Pet_Track_revise-3\admin\admin-get-recent-activities.php on line 10
[01-Sep-2025 10:40:14 Europe/Berlin] PHP Fatal error:  Uncaught Error: Failed opening required 'C:\xampp\htdocs\Pet_Track_revise-3\admin/auth.php' (include_path='C:\xampp\php\PEAR') in C:\xampp\htdocs\Pet_Track_revise-3\admin\admin-get-recent-activities.php:10
Stack trace:
#0 {main}
  thrown in C:\xampp\htdocs\Pet_Track_revise-3\admin\admin-get-recent-activities.php on line 10
[01-Sep-2025 10:40:24 Europe/Berlin] PHP Warning:  require_once(C:\xampp\htdocs\Pet_Track_revise-3\admin/auth.php): Failed to open stream: No such file or directory in C:\xampp\htdocs\Pet_Track_revise-3\admin\admin-get-recent-activities.php on line 10
[01-Sep-2025 10:40:24 Europe/Berlin] PHP Fatal error:  Uncaught Error: Failed opening required 'C:\xampp\htdocs\Pet_Track_revise-3\admin/auth.php' (include_path='C:\xampp\php\PEAR') in C:\xampp\htdocs\Pet_Track_revise-3\admin\admin-get-recent-activities.php:10
Stack trace:
#0 {main}
  thrown in C:\xampp\htdocs\Pet_Track_revise-3\admin\admin-get-recent-activities.php on line 10
[01-Sep-2025 10:40:34 Europe/Berlin] PHP Warning:  require_once(C:\xampp\htdocs\Pet_Track_revise-3\admin/auth.php): Failed to open stream: No such file or directory in C:\xampp\htdocs\Pet_Track_revise-3\admin\admin-get-recent-activities.php on line 10
[01-Sep-2025 10:40:34 Europe/Berlin] PHP Fatal error:  Uncaught Error: Failed opening required 'C:\xampp\htdocs\Pet_Track_revise-3\admin/auth.php' (include_path='C:\xampp\php\PEAR') in C:\xampp\htdocs\Pet_Track_revise-3\admin\admin-get-recent-activities.php:10
Stack trace:
#0 {main}
  thrown in C:\xampp\htdocs\Pet_Track_revise-3\admin\admin-get-recent-activities.php on line 10
[01-Sep-2025 10:40:44 Europe/Berlin] PHP Warning:  require_once(C:\xampp\htdocs\Pet_Track_revise-3\admin/auth.php): Failed to open stream: No such file or directory in C:\xampp\htdocs\Pet_Track_revise-3\admin\admin-get-recent-activities.php on line 10
[01-Sep-2025 10:40:44 Europe/Berlin] PHP Fatal error:  Uncaught Error: Failed opening required 'C:\xampp\htdocs\Pet_Track_revise-3\admin/auth.php' (include_path='C:\xampp\php\PEAR') in C:\xampp\htdocs\Pet_Track_revise-3\admin\admin-get-recent-activities.php:10
Stack trace:
#0 {main}
  thrown in C:\xampp\htdocs\Pet_Track_revise-3\admin\admin-get-recent-activities.php on line 10
[01-Sep-2025 10:40:54 Europe/Berlin] PHP Warning:  require_once(C:\xampp\htdocs\Pet_Track_revise-3\admin/auth.php): Failed to open stream: No such file or directory in C:\xampp\htdocs\Pet_Track_revise-3\admin\admin-get-recent-activities.php on line 10
[01-Sep-2025 10:40:54 Europe/Berlin] PHP Fatal error:  Uncaught Error: Failed opening required 'C:\xampp\htdocs\Pet_Track_revise-3\admin/auth.php' (include_path='C:\xampp\php\PEAR') in C:\xampp\htdocs\Pet_Track_revise-3\admin\admin-get-recent-activities.php:10
Stack trace:
#0 {main}
  thrown in C:\xampp\htdocs\Pet_Track_revise-3\admin\admin-get-recent-activities.php on line 10
[01-Sep-2025 10:41:19 Europe/Berlin] PHP Warning:  require_once(C:\xampp\htdocs\Pet_Track_revise-3\admin/auth.php): Failed to open stream: No such file or directory in C:\xampp\htdocs\Pet_Track_revise-3\admin\admin-get-recent-activities.php on line 10
[01-Sep-2025 10:41:19 Europe/Berlin] PHP Fatal error:  Uncaught Error: Failed opening required 'C:\xampp\htdocs\Pet_Track_revise-3\admin/auth.php' (include_path='C:\xampp\php\PEAR') in C:\xampp\htdocs\Pet_Track_revise-3\admin\admin-get-recent-activities.php:10
Stack trace:
#0 {main}
  thrown in C:\xampp\htdocs\Pet_Track_revise-3\admin\admin-get-recent-activities.php on line 10
[01-Sep-2025 10:41:28 Europe/Berlin] PHP Warning:  require_once(C:\xampp\htdocs\Pet_Track_revise-3\admin/auth.php): Failed to open stream: No such file or directory in C:\xampp\htdocs\Pet_Track_revise-3\admin\admin-get-recent-activities.php on line 10
[01-Sep-2025 10:41:28 Europe/Berlin] PHP Fatal error:  Uncaught Error: Failed opening required 'C:\xampp\htdocs\Pet_Track_revise-3\admin/auth.php' (include_path='C:\xampp\php\PEAR') in C:\xampp\htdocs\Pet_Track_revise-3\admin\admin-get-recent-activities.php:10
Stack trace:
#0 {main}
  thrown in C:\xampp\htdocs\Pet_Track_revise-3\admin\admin-get-recent-activities.php on line 10
[09-Sep-2025 02:58:23 Europe/Berlin] Error in admin-get-recent-activities.php: SQLSTATE[HY000]: General error: 1030 Got error 1877 "Unknown error" from storage engine InnoDB
